id, dataclass_id, dataproperty_id
1,1,1
2,3,4
3,2,2