id,name,type
1,クラス1,String
2,クラス2,Number
3,新しいクラス,UserDefinedClass