id,name,type_class_id
1,プロパティ1,1
2,プロパティ2,1
3,プロパティ3,2