id, dataclass_id, dataproperty_id
1,1,1
2,1,2
3,2,2
4,2,3
5,3,1
6,3,2
7,2,4