id,name,type
1,クラス1,String
2,更新後のクラス,UserDefinedClass
3,クラス3,DateTime