id, dataproperty_id, datavalue_id, saved_date_time
1,1,1,2024-04-20 15:00:00
2,2,2,2024-04-20 15:00:00