id, name, type
1,データクラス1,UserDefinedClass
2,データクラス2,UserDefinedClass